 190.0 278.0 145.0 132.0 190.0 136.0 200.0 169.0 161.0 167.0
 186.0 355.0 156.0 157.0 207.0 209.0 185.0 164.0 210.0 246.0
 191.0 335.0 233.0 179.0 196.0 257.0 220.0 227.0 174.0 232.0
 191.0 319.0 172.0 156.0 167.0 218.0 182.0 186.0 165.0 186.0
 276.0 433.0 239.0 205.0 229.0 305.0 251.0 252.0 193.0 257.0
 233.0 378.0 222.0 181.0 218.0 240.0 231.0 216.0 180.0 226.0
 232.0 430.0 221.0 155.0 255.0 274.0 187.0 203.0 193.0 328.0
 248.0 319.0 178.0 137.0 201.0 217.0 233.0 171.0 165.0 236.0
 267.0 379.0 184.0 141.0 231.0 276.0 259.0 247.0 218.0 301.0
 252.0 477.0 239.0 204.0 282.0 302.0 239.0 261.0 245.0 334.0
