                    
         N     Pi(N)

         1         0
         2         1
         4         2
         8         4
        16         6
        32        11
        64        18
       128        31
       256        54
       512        97
      1024       172
      2048       309
      4096       564
      8192      1028
     16384      1900
     32768      3512
     65536      6542
    131072     12251
    262144     23000
    524288     43390
